2026-09-11T01:01:59.0821835Z Current runner version: '2.337.0'
2026-09-11T01:01:59.0847168Z ##[group]Runner Image Provisioner
2026-09-11T01:01:59.0848083Z Hosted Compute Agent
2026-09-11T01:01:59.0848756Z Version: 20260828.587
2026-09-11T01:01:59.0849419Z Commit: abac92662cab4cc7352de4f9f9d2e2419aad9c29
2026-09-11T01:01:59.0850218Z Build Date: 2026-08-28T16:44:25Z
2026-09-11T01:01:59.0850968Z Worker ID: {beadbcbd-389e-4bc5-b818-36a8c30e9b6c}
2026-09-11T01:01:59.0851690Z Azure Region: westus
2026-09-11T01:01:59.0852417Z ##[endgroup]
2026-09-11T01:01:59.0854101Z ##[group]Operating System
2026-09-11T01:01:59.0854731Z Ubuntu
2026-09-11T01:01:59.0855337Z 24.04.5
2026-09-11T01:01:59.0855848Z LTS
2026-09-11T01:01:59.0856440Z ##[endgroup]
2026-09-11T01:01:59.0857357Z ##[group]Runner Image
2026-09-11T01:01:59.0858028Z Image: ubuntu-24.04
2026-09-11T01:01:59.0858727Z Version: 20260907.300.1
2026-09-11T01:01:59.0859995Z Included Software: https://github.com/actions/runner-images/blob/ubuntu24/20260907.300/images/ubuntu/Ubuntu2404-Readme.md
2026-09-11T01:01:59.0861663Z Image Release: https://github.com/actions/runner-images/releases/tag/ubuntu24%2F20260907.300
2026-09-11T01:01:59.0862659Z ##[endgroup]
2026-09-11T01:01:59.0863902Z ##[group]GITHUB_TOKEN Permissions
2026-09-11T01:01:59.0866717Z Contents: read
2026-09-11T01:01:59.0867353Z Metadata: read
2026-09-11T01:01:59.0867896Z Packages: read
2026-09-11T01:01:59.0868587Z ##[endgroup]
2026-09-11T01:01:59.0870743Z Secret source: Actions
2026-09-11T01:01:59.0871810Z Cache mode: write
2026-09-11T01:01:59.0872509Z Prepare workflow directory
2026-09-11T01:01:59.1213443Z Prepare all required actions
2026-09-11T01:01:59.1266410Z Getting action download info
2026-09-11T01:01:59.5312665Z Download action repository 'actions/checkout@v4' (SHA:11d5960a326750d5838078e36cf38b85af677262)
2026-09-11T01:01:59.6284545Z Download action repository 'actions/setup-java@v4' (SHA:cf277c60eb25467037889841efdb72551f06f6c3)
2026-09-11T01:02:00.1314261Z Download action repository 'gradle/actions@v4' (SHA:ed408507eac070d1f99cc633dbcf757c94c7933a)
2026-09-11T01:02:02.3509511Z Download action repository 'actions/upload-artifact@v4' (SHA:ea165f8d65b6e75b540449e92b4886f43607fa02)
2026-09-11T01:02:02.5751781Z Complete job name: build
2026-09-11T01:02:02.6503116Z Node 20 is being deprecated. This workflow is running with Node 24 by default. If you need to temporarily use Node 20, you can set the ACTIONS_ALLOW_USE_UNSECURE_NODE_VERSION=true environment variable. For more information see: https://github.blog/changelog/2025-09-19-deprecation-of-node-20-on-github-actions-runners/
2026-09-11T01:02:02.6511271Z ##[group]Run actions/checkout@v4
2026-09-11T01:02:02.6511811Z with:
2026-09-11T01:02:02.6512113Z   repository: Tercciopelo/ambar-finanzas
2026-09-11T01:02:02.6515394Z   token: ***
2026-09-11T01:02:02.6515666Z   ssh-strict: true
2026-09-11T01:02:02.6515937Z   ssh-user: git
2026-09-11T01:02:02.6516219Z   persist-credentials: true
2026-09-11T01:02:02.6516712Z   clean: true
2026-09-11T01:02:02.6516997Z   sparse-checkout-cone-mode: true
2026-09-11T01:02:02.6517345Z   fetch-depth: 1
2026-09-11T01:02:02.6517614Z   fetch-tags: false
2026-09-11T01:02:02.6517907Z   show-progress: true
2026-09-11T01:02:02.6518181Z   lfs: false
2026-09-11T01:02:02.6518467Z   submodules: false
2026-09-11T01:02:02.6518749Z   set-safe-directory: true
2026-09-11T01:02:02.6519067Z   allow-unsafe-pr-checkout: false
2026-09-11T01:02:02.6519654Z ##[endgroup]
2026-09-11T01:02:02.7556395Z Syncing repository: Tercciopelo/ambar-finanzas
2026-09-11T01:02:02.7559449Z ##[group]Getting Git version info
2026-09-11T01:02:02.7560410Z Working directory is '/home/runner/work/ambar-finanzas/ambar-finanzas'
2026-09-11T01:02:02.7561755Z [command]/usr/bin/git version
2026-09-11T01:02:02.7669007Z git version 2.55.0
2026-09-11T01:02:02.7691850Z ##[endgroup]
2026-09-11T01:02:02.7709193Z Temporarily overriding HOME='/home/runner/work/_temp/bd9a2408-1fde-45c9-aa73-cc6ec5924116' before making global git config changes
2026-09-11T01:02:02.7710963Z Adding repository directory to the temporary git global config as a safe directory
2026-09-11T01:02:02.7714806Z [command]/usr/bin/git config --global --add safe.directory /home/runner/work/ambar-finanzas/ambar-finanzas
2026-09-11T01:02:02.7777906Z Deleting the contents of '/home/runner/work/ambar-finanzas/ambar-finanzas'
2026-09-11T01:02:02.7782764Z ##[group]Initializing the repository
2026-09-11T01:02:02.7788527Z [command]/usr/bin/git init /home/runner/work/ambar-finanzas/ambar-finanzas
2026-09-11T01:02:02.7913069Z hint: Using 'master' as the name for the initial branch. This default branch name
2026-09-11T01:02:02.7914340Z hint: will change to "main" in Git 3.0. To configure the initial branch name
2026-09-11T01:02:02.7915424Z hint: to use in all of your new repositories, which will suppress this warning,
2026-09-11T01:02:02.7916339Z hint: call:
2026-09-11T01:02:02.7917070Z hint:
2026-09-11T01:02:02.7917713Z hint: 	git config --global init.defaultBranch <name>
2026-09-11T01:02:02.7918404Z hint:
2026-09-11T01:02:02.7919072Z hint: Names commonly chosen instead of 'master' are 'main', 'trunk' and
2026-09-11T01:02:02.7920234Z hint: 'development'. The just-created branch can be renamed via this command:
2026-09-11T01:02:02.7921060Z hint:
2026-09-11T01:02:02.7921541Z hint: 	git branch -m <name>
2026-09-11T01:02:02.7922140Z hint:
2026-09-11T01:02:02.7922821Z hint: Disable this message with "git config set advice.defaultBranchName false"
2026-09-11T01:02:02.7923946Z Initialized empty Git repository in /home/runner/work/ambar-finanzas/ambar-finanzas/.git/
2026-09-11T01:02:02.7926763Z [command]/usr/bin/git remote add origin https://github.com/Tercciopelo/ambar-finanzas
2026-09-11T01:02:02.7979959Z ##[endgroup]
2026-09-11T01:02:02.7981075Z ##[group]Disabling automatic garbage collection
2026-09-11T01:02:02.7984327Z [command]/usr/bin/git config --local gc.auto 0
2026-09-11T01:02:02.8018835Z ##[endgroup]
2026-09-11T01:02:02.8020129Z ##[group]Setting up auth
2026-09-11T01:02:02.8124039Z [command]/usr/bin/git config --local --name-only --get-regexp core\.sshCommand
2026-09-11T01:02:02.8160025Z [command]/usr/bin/git submodule foreach --recursive sh -c "git config --local --name-only --get-regexp 'core\.sshCommand' && git config --local --unset-all 'core.sshCommand' || :"
2026-09-11T01:02:02.8477075Z [command]/usr/bin/git config --local --name-only --get-regexp http\.https\:\/\/github\.com\/\.extraheader
2026-09-11T01:02:02.8514847Z [command]/usr/bin/git submodule foreach --recursive sh -c "git config --local --name-only --get-regexp 'http\.https\:\/\/github\.com\/\.extraheader' && git config --local --unset-all 'http.https://github.com/.extraheader' || :"
2026-09-11T01:02:02.8744690Z [command]/usr/bin/git config --local --name-only --get-regexp ^includeIf\.gitdir:
2026-09-11T01:02:02.8781337Z [command]/usr/bin/git submodule foreach --recursive git config --local --show-origin --name-only --get-regexp remote.origin.url
2026-09-11T01:02:02.9010675Z [command]/usr/bin/git config --local http.https://github.com/.extraheader AUTHORIZATION: basic ***
2026-09-11T01:02:02.9051190Z ##[endgroup]
2026-09-11T01:02:02.9052519Z ##[group]Fetching the repository
2026-09-11T01:02:02.9064480Z [command]/usr/bin/git -c protocol.version=2 fetch --no-tags --prune --no-recurse-submodules --depth=1 origin +12f3162b22d0f4f8785933cb8f29abaef4ff5e9c:refs/remotes/origin/main
2026-09-11T01:02:03.6034080Z From https://github.com/Tercciopelo/ambar-finanzas
2026-09-11T01:02:03.6035146Z  * [new ref]         12f3162b22d0f4f8785933cb8f29abaef4ff5e9c -> origin/main
2026-09-11T01:02:03.6039456Z ##[endgroup]
2026-09-11T01:02:03.6040015Z ##[group]Determining the checkout info
2026-09-11T01:02:03.6047892Z ##[endgroup]
2026-09-11T01:02:03.6048551Z [command]/usr/bin/git sparse-checkout disable
2026-09-11T01:02:03.6100298Z [command]/usr/bin/git config --local --unset-all extensions.worktreeConfig
2026-09-11T01:02:03.6132953Z ##[group]Checking out the ref
2026-09-11T01:02:03.6137876Z [command]/usr/bin/git checkout --progress --force -B main refs/remotes/origin/main
2026-09-11T01:02:03.6284823Z Switched to a new branch 'main'
2026-09-11T01:02:03.6290528Z branch 'main' set up to track 'origin/main'.
2026-09-11T01:02:03.6296035Z ##[endgroup]
2026-09-11T01:02:03.6339227Z [command]/usr/bin/git log -1 --format=%H
2026-09-11T01:02:03.6366450Z 12f3162b22d0f4f8785933cb8f29abaef4ff5e9c
2026-09-11T01:02:03.6650909Z Node 20 is being deprecated. This workflow is running with Node 24 by default. If you need to temporarily use Node 20, you can set the ACTIONS_ALLOW_USE_UNSECURE_NODE_VERSION=true environment variable. For more information see: https://github.blog/changelog/2025-09-19-deprecation-of-node-20-on-github-actions-runners/
2026-09-11T01:02:03.6653499Z ##[group]Run actions/setup-java@v4
2026-09-11T01:02:03.6653833Z with:
2026-09-11T01:02:03.6654085Z   distribution: zulu
2026-09-11T01:02:03.6654361Z   java-version: 17
2026-09-11T01:02:03.6654622Z   java-package: jdk
2026-09-11T01:02:03.6654898Z   check-latest: false
2026-09-11T01:02:03.6655175Z   server-id: github
2026-09-11T01:02:03.6655456Z   server-username: GITHUB_ACTOR
2026-09-11T01:02:03.6655797Z   server-password: GITHUB_TOKEN
2026-09-11T01:02:03.6656106Z   overwrite-settings: true
2026-09-11T01:02:03.6656391Z   job-status: success
2026-09-11T01:02:03.6659554Z   token: ***
2026-09-11T01:02:03.6659827Z ##[endgroup]
2026-09-11T01:02:03.8342522Z ##[warning]setup-java v4 is deprecated and will no longer receive updates. Please migrate to actions/setup-java@v5.
2026-09-11T01:02:03.8351576Z ##[group]Installed distributions
2026-09-11T01:02:03.8352087Z Trying to resolve the latest version from remote
2026-09-11T01:02:03.8452954Z (node:2244) [DEP0040] DeprecationWarning: The `punycode` module is deprecated. Please use a userland alternative instead.
2026-09-11T01:02:03.8453938Z (Use `node --trace-deprecation ...` to show where the warning was created)
2026-09-11T01:02:03.9441628Z Resolved latest version as 17.0.20+8
2026-09-11T01:02:03.9442307Z Trying to download...
2026-09-11T01:02:03.9448036Z Downloading Java 17.0.20+8 (Zulu) from https://cdn.azul.com/zulu/bin/zulu17.68.19-ca-crac-jdk17.0.20-linux_x64.tar.gz ...
2026-09-11T01:02:09.2922126Z Extracting Java archive...
2026-09-11T01:02:09.3067639Z [command]/usr/bin/tar xz --warning=no-unknown-keyword --overwrite -C /home/runner/work/_temp/7fbedd85-fc3b-468f-9b8f-a4f35ddfd1f3 -f /home/runner/work/_temp/67a1dc08-8e7f-46b6-82f6-f0a38160307c
2026-09-11T01:02:11.9844470Z Java 17.0.20+8 was downloaded
2026-09-11T01:02:11.9845024Z Setting Java 17.0.20+8 as the default
2026-09-11T01:02:11.9857402Z Creating toolchains.xml for JDK version 17 from zulu
2026-09-11T01:02:11.9945193Z Writing to /home/runner/.m2/toolchains.xml
2026-09-11T01:02:11.9945791Z 
2026-09-11T01:02:11.9946050Z Java configuration:
2026-09-11T01:02:11.9947190Z   Distribution: zulu
2026-09-11T01:02:11.9947826Z   Version: 17.0.20+8
2026-09-11T01:02:11.9948597Z   Path: /opt/hostedtoolcache/Java_Zulu_jdk/17.0.20-8/x64
2026-09-11T01:02:11.9949314Z 
2026-09-11T01:02:11.9952680Z ##[endgroup]
2026-09-11T01:02:11.9980346Z Creating settings.xml with server-id: github
2026-09-11T01:02:11.9980778Z Writing to /home/runner/.m2/settings.xml
2026-09-11T01:02:12.0334508Z Node 20 is being deprecated. This workflow is running with Node 24 by default. If you need to temporarily use Node 20, you can set the ACTIONS_ALLOW_USE_UNSECURE_NODE_VERSION=true environment variable. For more information see: https://github.blog/changelog/2025-09-19-deprecation-of-node-20-on-github-actions-runners/
2026-09-11T01:02:12.0335932Z ##[group]Run gradle/actions/setup-gradle@v4
2026-09-11T01:02:12.0336255Z with:
2026-09-11T01:02:12.0336745Z   gradle-version: 8.7
2026-09-11T01:02:12.0337142Z   cache-disabled: false
2026-09-11T01:02:12.0337412Z   cache-read-only: false
2026-09-11T01:02:12.0337677Z   cache-write-only: false
2026-09-11T01:02:12.0337946Z   cache-overwrite-existing: false
2026-09-11T01:02:12.0338237Z   cache-cleanup: on-success
2026-09-11T01:02:12.0338555Z   gradle-home-cache-includes: caches
notifications

2026-09-11T01:02:12.0338909Z   add-job-summary: always
2026-09-11T01:02:12.0339202Z   add-job-summary-as-pr-comment: never
2026-09-11T01:02:12.0339789Z   dependency-graph: disabled
2026-09-11T01:02:12.0340129Z   dependency-graph-report-dir: dependency-graph-reports
2026-09-11T01:02:12.0340576Z   dependency-graph-continue-on-failure: true
2026-09-11T01:02:12.0340921Z   build-scan-publish: false
2026-09-11T01:02:12.0341189Z   validate-wrappers: true
2026-09-11T01:02:12.0341507Z   allow-snapshot-wrappers: false
2026-09-11T01:02:12.0341812Z   gradle-home-cache-strict-match: false
2026-09-11T01:02:12.0342123Z   workflow-job-context: null
2026-09-11T01:02:12.0345146Z   github-token: ***
2026-09-11T01:02:12.0345386Z env:
2026-09-11T01:02:12.0345666Z   JAVA_HOME: /opt/hostedtoolcache/Java_Zulu_jdk/17.0.20-8/x64
2026-09-11T01:02:12.0346097Z   JAVA_HOME_17_X64: /opt/hostedtoolcache/Java_Zulu_jdk/17.0.20-8/x64
2026-09-11T01:02:12.0346449Z ##[endgroup]
2026-09-11T01:02:12.3866057Z Merged default JDK locations into /home/runner/.m2/toolchains.xml
2026-09-11T01:02:12.3868501Z Preparing cache for cleanup.
2026-09-11T01:02:12.3877568Z ##[group]Restore Gradle state from cache
2026-09-11T01:02:12.6464058Z Cache hit for restore-key: gradle-home-v1|Linux-X64|build[e080f0fdc288b6f0c5023fd4b86f7a10]-a2e47ba09b8a57c060ca9249e07270d38a0c65ce
2026-09-11T01:02:13.9331938Z Received 0 of 3638359 (0.0%), 0.0 MBs/sec
2026-09-11T01:02:14.3087790Z Received 3638359 of 3638359 (100.0%), 2.5 MBs/sec
2026-09-11T01:02:14.3089842Z Cache Size: ~3 MB (3638359 B)
2026-09-11T01:02:14.3122849Z [command]/usr/bin/tar -xf /home/runner/work/_temp/ce132458-7bd1-4948-88cc-5e2afbe2e08e/cache.tzst -P -C /home/runner/work/ambar-finanzas/ambar-finanzas --use-compress-program unzstd
2026-09-11T01:02:14.4309961Z Cache restored successfully
2026-09-11T01:02:14.4318143Z Restored cache entry with key gradle-home-v1|Linux-X64|build[e080f0fdc288b6f0c5023fd4b86f7a10]-12f3162b22d0f4f8785933cb8f29abaef4ff5e9c to /home/runner/.gradle/caches,/home/runner/.gradle/notifications,/home/runner/.gradle/.setup-gradle in 2043ms
2026-09-11T01:02:14.6763214Z Cache hit for: gradle-dependencies-v1-b2bd3126579f9e50af4079baabda0c77
2026-09-11T01:02:14.6772275Z Cache hit for: gradle-kotlin-dsl-v1-504c10427e8833a1a669b6f0b80142dd
2026-09-11T01:02:14.6819230Z Cache hit for: gradle-transforms-v1-5d68ae0787c5b8831ff582ae5d141242
2026-09-11T01:02:14.6825378Z Cache hit for: gradle-groovy-dsl-v1-c72b6bcfc06dafd56c9bd6120705d3d8
2026-09-11T01:02:14.6832294Z Cache hit for: gradle-generated-gradle-jars-v1-d6d47bedd9337a0be6f3a426277e63ee
2026-09-11T01:02:14.6840987Z Cache hit for: gradle-instrumented-jars-v1-1f225db16fa11522ca463a100d8c4b3a
2026-09-11T01:02:15.3865701Z Received 90344 of 90344 (100.0%), 0.2 MBs/sec
2026-09-11T01:02:15.3867264Z Cache Size: ~0 MB (90344 B)
2026-09-11T01:02:15.3893952Z [command]/usr/bin/tar -xf /home/runner/work/_temp/9e6ffc16-eb98-4abd-be41-869acfbc1b8d/cache.tzst -P -C /home/runner/work/ambar-finanzas/ambar-finanzas --use-compress-program unzstd
2026-09-11T01:02:15.3932347Z Received 146108 of 146108 (100.0%), 0.3 MBs/sec
2026-09-11T01:02:15.3932983Z Cache Size: ~0 MB (146108 B)
2026-09-11T01:02:15.3965565Z [command]/usr/bin/tar -xf /home/runner/work/_temp/a533f628-4114-4610-ae52-5e04256d0d13/cache.tzst -P -C /home/runner/work/ambar-finanzas/ambar-finanzas --use-compress-program unzstd
2026-09-11T01:02:15.4040436Z Cache restored successfully
2026-09-11T01:02:15.4044362Z Restored cache entry with key gradle-instrumented-jars-v1-1f225db16fa11522ca463a100d8c4b3a to /home/runner/.gradle/caches/jars-*/*/ in 971ms
2026-09-11T01:02:15.4148687Z Received 116643 of 116643 (100.0%), 0.3 MBs/sec
2026-09-11T01:02:15.4150231Z Cache Size: ~0 MB (116643 B)
2026-09-11T01:02:15.4189837Z [command]/usr/bin/tar -xf /home/runner/work/_temp/610b6784-38a3-4e90-a0fc-51137affa570/cache.tzst -P -C /home/runner/work/ambar-finanzas/ambar-finanzas --use-compress-program unzstd
2026-09-11T01:02:15.4220198Z Cache restored successfully
2026-09-11T01:02:15.4254123Z Restored cache entry with key gradle-groovy-dsl-v1-c72b6bcfc06dafd56c9bd6120705d3d8 to /home/runner/.gradle/caches/*/groovy-dsl/*/ in 989ms
2026-09-11T01:02:15.4661702Z Cache restored successfully
2026-09-11T01:02:15.4664165Z Restored cache entry with key gradle-kotlin-dsl-v1-504c10427e8833a1a669b6f0b80142dd to /home/runner/.gradle/caches/*/kotlin-dsl/accessors/*/,/home/runner/.gradle/caches/*/kotlin-dsl/scripts/*/ in 1033ms
2026-09-11T01:02:15.9355281Z Received 0 of 272233798 (0.0%), 0.0 MBs/sec
2026-09-11T01:02:15.9482704Z Received 0 of 231392751 (0.0%), 0.0 MBs/sec
2026-09-11T01:02:15.9791382Z Received 0 of 37946144 (0.0%), 0.0 MBs/sec
2026-09-11T01:02:16.4276149Z Received 37946144 of 37946144 (100.0%), 24.9 MBs/sec
2026-09-11T01:02:16.4279578Z Cache Size: ~36 MB (37946144 B)
2026-09-11T01:02:16.4553295Z [command]/usr/bin/tar -xf /home/runner/work/_temp/382a015c-110e-4d91-a8a0-9a533ef0561a/cache.tzst -P -C /home/runner/work/ambar-finanzas/ambar-finanzas --use-compress-program unzstd
2026-09-11T01:02:16.7862240Z Cache restored successfully
2026-09-11T01:02:16.7957683Z Restored cache entry with key gradle-generated-gradle-jars-v1-d6d47bedd9337a0be6f3a426277e63ee to /home/runner/.gradle/caches/8.7/generated-gradle-jars/gradle-api-8.7.jar in 2363ms
2026-09-11T01:02:16.9438025Z Received 109051904 of 272233798 (40.1%), 51.9 MBs/sec
2026-09-11T01:02:16.9513923Z Received 113246208 of 231392751 (48.9%), 54.0 MBs/sec
2026-09-11T01:02:17.9029500Z Received 231392751 of 231392751 (100.0%), 74.7 MBs/sec
2026-09-11T01:02:17.9032480Z Cache Size: ~221 MB (231392751 B)
2026-09-11T01:02:17.9319475Z [command]/usr/bin/tar -xf /home/runner/work/_temp/a6fd5d66-4481-404d-a22d-99c69359d8a1/cache.tzst -P -C /home/runner/work/ambar-finanzas/ambar-finanzas --use-compress-program unzstd
2026-09-11T01:02:17.9410805Z Received 230686720 of 272233798 (84.7%), 73.2 MBs/sec
2026-09-11T01:02:18.9417892Z Received 268435456 of 272233798 (98.6%), 63.9 MBs/sec
2026-09-11T01:02:19.1181744Z Received 272233798 of 272233798 (100.0%), 62.1 MBs/sec
2026-09-11T01:02:19.1182832Z Cache Size: ~260 MB (272233798 B)
2026-09-11T01:02:19.1262479Z [command]/usr/bin/tar -xf /home/runner/work/_temp/22447019-3b78-40c3-af31-9d3419977274/cache.tzst -P -C /home/runner/work/ambar-finanzas/ambar-finanzas --use-compress-program unzstd
2026-09-11T01:02:19.7172491Z Cache restored successfully
2026-09-11T01:02:19.7744124Z Restored cache entry with key gradle-dependencies-v1-b2bd3126579f9e50af4079baabda0c77 to /home/runner/.gradle/caches/modules-*/files-*/*/*/*/* in 5342ms
2026-09-11T01:02:19.8570181Z Cache restored successfully
2026-09-11T01:02:19.8670471Z Restored cache entry with key gradle-transforms-v1-5d68ae0787c5b8831ff582ae5d141242 to /home/runner/.gradle/caches/transforms-4/*/,/home/runner/.gradle/caches/*/transforms/*/ in 5432ms
2026-09-11T01:02:19.8895387Z ##[endgroup]
2026-09-11T01:02:19.8980520Z ##[group]All Gradle Wrapper jars are valid
2026-09-11T01:02:19.8981341Z 
2026-09-11T01:02:19.8981863Z ##[endgroup]
2026-09-11T01:02:19.9791595Z ##[group]Provision Gradle 8.7
2026-09-11T01:02:25.5112899Z Cache hit for: gradle-8.7
2026-09-11T01:02:26.7897846Z Received 0 of 133909426 (0.0%), 0.0 MBs/sec
2026-09-11T01:02:27.7938126Z Received 117440512 of 133909426 (87.7%), 56.0 MBs/sec
2026-09-11T01:02:27.9577592Z Received 133909426 of 133909426 (100.0%), 58.9 MBs/sec
2026-09-11T01:02:27.9579872Z Cache Size: ~128 MB (133909426 B)
2026-09-11T01:02:27.9643457Z [command]/usr/bin/tar -xf /home/runner/work/_temp/ff25d1b7-89c1-4815-9d69-c637b3432b04/cache.tzst -P -C /home/runner/work/ambar-finanzas/ambar-finanzas --use-compress-program unzstd
2026-09-11T01:02:28.1534948Z Cache restored successfully
2026-09-11T01:02:28.1593465Z Restored Gradle distribution gradle-8.7 from cache to /home/runner/work/_temp/.gradle-actions/gradle-installations/downloads/gradle-8.7-bin.zip
2026-09-11T01:02:28.1613152Z [command]/usr/bin/unzip -o -q /home/runner/work/_temp/.gradle-actions/gradle-installations/downloads/gradle-8.7-bin.zip
2026-09-11T01:02:29.3755910Z Extracted Gradle 8.7 to /home/runner/work/_temp/.gradle-actions/gradle-installations/installs/gradle-8.7
2026-09-11T01:02:29.3758640Z Provisioned Gradle executable /home/runner/work/_temp/.gradle-actions/gradle-installations/installs/gradle-8.7/bin/gradle
2026-09-11T01:02:29.3760994Z ##[endgroup]
2026-09-11T01:02:29.3953191Z ##[group]Run gradle test
2026-09-11T01:02:29.3953580Z [36;1mgradle test[0m
2026-09-11T01:02:29.3993162Z shell: /usr/bin/bash -e {0}
2026-09-11T01:02:29.3993490Z env:
2026-09-11T01:02:29.3993843Z   JAVA_HOME: /opt/hostedtoolcache/Java_Zulu_jdk/17.0.20-8/x64
2026-09-11T01:02:29.3994335Z   JAVA_HOME_17_X64: /opt/hostedtoolcache/Java_Zulu_jdk/17.0.20-8/x64
2026-09-11T01:02:29.3994778Z   GRADLE_ACTION_ID: gradle/actions/setup-gradle
2026-09-11T01:02:29.3995151Z   GRADLE_USER_HOME: /home/runner/.gradle
2026-09-11T01:02:29.3995503Z   GRADLE_BUILD_ACTION_SETUP_COMPLETED: true
2026-09-11T01:02:29.3995852Z   GRADLE_BUILD_ACTION_CACHE_RESTORED: true
2026-09-11T01:02:29.3996349Z   DEVELOCITY_INJECTION_INIT_SCRIPT_NAME: gradle-actions.inject-develocity.init.gradle
2026-09-11T01:02:29.3997264Z   DEVELOCITY_INJECTION_CUSTOM_VALUE: gradle-actions
2026-09-11T01:02:29.3997660Z   GITHUB_DEPENDENCY_GRAPH_ENABLED: false
2026-09-11T01:02:29.3997998Z ##[endgroup]
2026-09-11T01:02:29.9890407Z Starting a Gradle Daemon (subsequent builds will be faster)
2026-09-11T01:02:38.1937925Z > Task :app:checkKotlinGradlePluginConfigurationErrors
2026-09-11T01:02:38.1956819Z > Task :app:preBuild UP-TO-DATE
2026-09-11T01:02:38.1977446Z > Task :app:preDebugBuild UP-TO-DATE
2026-09-11T01:02:38.7907488Z > Task :app:generateDebugResValues
2026-09-11T01:02:38.7914721Z > Task :app:checkDebugAarMetadata
2026-09-11T01:02:38.8892729Z > Task :app:mapDebugSourceSetPaths
2026-09-11T01:02:38.8895552Z > Task :app:generateDebugResources
2026-09-11T01:02:40.1900217Z > Task :app:packageDebugResources
2026-09-11T01:02:40.9899422Z > Task :app:mergeDebugResources
2026-09-11T01:02:41.3894260Z > Task :app:createDebugCompatibleScreenManifests
2026-09-11T01:02:41.3929186Z > Task :app:extractDeepLinksDebug
2026-09-11T01:02:41.4889341Z > Task :app:parseDebugLocalResources
2026-09-11T01:02:41.6891959Z > Task :app:processDebugMainManifest
2026-09-11T01:02:41.8897781Z > Task :app:processDebugManifest
2026-09-11T01:02:41.8935419Z > Task :app:preDebugUnitTestBuild UP-TO-DATE
2026-09-11T01:02:41.8947182Z > Task :app:javaPreCompileDebugUnitTest
2026-09-11T01:02:41.8970049Z > Task :app:javaPreCompileDebug
2026-09-11T01:02:41.9894099Z > Task :app:buildKotlinToolingMetadata
2026-09-11T01:02:41.9897501Z > Task :app:preReleaseBuild UP-TO-DATE
2026-09-11T01:02:41.9898224Z > Task :app:processDebugManifestForPackage
2026-09-11T01:02:41.9898896Z > Task :app:checkReleaseAarMetadata
2026-09-11T01:02:42.2913363Z > Task :app:generateReleaseResValues
2026-09-11T01:02:42.2927032Z > Task :app:mapReleaseSourceSetPaths
2026-09-11T01:02:42.2959624Z > Task :app:generateReleaseResources
2026-09-11T01:02:42.9927800Z > Task :app:processDebugResources
2026-09-11T01:02:43.4887673Z > Task :app:mergeReleaseResources
2026-09-11T01:02:44.4916335Z > Task :app:packageReleaseResources
2026-09-11T01:02:44.5926279Z > Task :app:createReleaseCompatibleScreenManifests
2026-09-11T01:02:44.5987339Z > Task :app:extractDeepLinksRelease
2026-09-11T01:02:44.6017205Z > Task :app:parseReleaseLocalResources
2026-09-11T01:02:44.6889904Z > Task :app:processReleaseMainManifest
2026-09-11T01:02:44.6947515Z > Task :app:processReleaseManifest
2026-09-11T01:02:44.7007272Z > Task :app:preReleaseUnitTestBuild UP-TO-DATE
2026-09-11T01:02:44.7029214Z > Task :app:processReleaseManifestForPackage
2026-09-11T01:02:44.7082628Z > Task :app:javaPreCompileReleaseUnitTest
2026-09-11T01:02:44.7110510Z > Task :app:javaPreCompileRelease
2026-09-11T01:02:45.2900598Z > Task :app:processReleaseResources
2026-09-11T01:02:51.7917899Z e: [ksp] java.lang.IllegalStateException: Empty schema file
2026-09-11T01:02:51.7918458Z 
2026-09-11T01:02:51.7947784Z 	at androidx.room.migration.bundle.SchemaBundle$Companion.deserialize(SchemaBundle.kt:69)
2026-09-11T01:02:51.7948852Z > Task :app:kspReleaseKotlin FAILED
2026-09-11T01:02:51.7977287Z 	at androidx.room.vo.Database.exportSchema(Database.kt:110)
2026-09-11T01:02:51.7978660Z 	at androidx.room.DatabaseProcessingStep.process(DatabaseProcessingStep.kt:134)
2026-09-11T01:02:51.8008140Z 	at androidx.room.compiler.processing.CommonProcessorDelegate.processRound(XBasicAnnotationProcessor.kt:130)
2026-09-11T01:02:51.8018064Z 	at androidx.room.compiler.processing.ksp.KspBasicAnnotationProcessor.process(KspBasicAnnotationProcessor.kt:62)
2026-09-11T01:02:51.8020215Z 	at com.google.devtools.ksp.AbstractKotlinSymbolProcessingExtension$doAnalysis$8$1.invoke(KotlinSymbolProcessingExtension.kt:310)
2026-09-11T01:02:51.8022352Z 	at com.google.devtools.ksp.AbstractKotlinSymbolProcessingExtension$doAnalysis$8$1.invoke(KotlinSymbolProcessingExtension.kt:308)
2026-09-11T01:02:51.8024469Z 	at com.google.devtools.ksp.AbstractKotlinSymbolProcessingExtension.handleException(KotlinSymbolProcessingExtension.kt:414)
2026-09-11T01:02:51.8026759Z 	at com.google.devtools.ksp.AbstractKotlinSymbolProcessingExtension.doAnalysis(KotlinSymbolProcessingExtension.kt:308)
2026-09-11T01:02:51.8028987Z 	at org.jetbrains.kotlin.cli.jvm.compiler.TopDownAnalyzerFacadeForJVM.analyzeFilesWithJavaIntegration(TopDownAnalyzerFacadeForJVM.kt:112)
2026-09-11T01:02:51.8031446Z 	at org.jetbrains.kotlin.cli.jvm.compiler.TopDownAnalyzerFacadeForJVM.analyzeFilesWithJavaIntegration$default(TopDownAnalyzerFacadeForJVM.kt:77)
2026-09-11T01:02:51.8033670Z 	at org.jetbrains.kotlin.cli.jvm.compiler.KotlinToJVMBytecodeCompiler$analyze$1.invoke(KotlinToJVMBytecodeCompiler.kt:256)
2026-09-11T01:02:51.8035706Z 	at org.jetbrains.kotlin.cli.jvm.compiler.KotlinToJVMBytecodeCompiler$analyze$1.invoke(KotlinToJVMBytecodeCompiler.kt:247)
2026-09-11T01:02:51.8038168Z 	at org.jetbrains.kotlin.cli.common.messages.AnalyzerWithCompilerReport.analyzeAndReport(AnalyzerWithCompilerReport.kt:115)
2026-09-11T01:02:51.8042690Z 	at org.jetbrains.kotlin.cli.jvm.compiler.KotlinToJVMBytecodeCompiler.analyze(KotlinToJVMBytecodeCompiler.kt:247)
2026-09-11T01:02:51.8044565Z 	at org.jetbrains.kotlin.cli.jvm.compiler.KotlinToJVMBytecodeCompiler.compileModules$cli(KotlinToJVMBytecodeCompiler.kt:87)
2026-09-11T01:02:51.8054983Z 	at org.jetbrains.kotlin.cli.jvm.compiler.KotlinToJVMBytecodeCompiler.compileModules$cli$default(KotlinToJVMBytecodeCompiler.kt:43)
2026-09-11T01:02:51.8061893Z 	at org.jetbrains.kotlin.cli.jvm.K2JVMCompiler.doExecute(K2JVMCompiler.kt:165)
2026-09-11T01:02:51.8063241Z 	at org.jetbrains.kotlin.cli.jvm.K2JVMCompiler.doExecute(K2JVMCompiler.kt:50)
2026-09-11T01:02:51.8064578Z 	at org.jetbrains.kotlin.cli.common.CLICompiler.execImpl(CLICompiler.kt:104)
2026-09-11T01:02:51.8065902Z 	at org.jetbrains.kotlin.cli.common.CLICompiler.execImpl(CLICompiler.kt:48)
2026-09-11T01:02:51.8067511Z 	at org.jetbrains.kotlin.cli.common.CLITool.exec(CLITool.kt:101)
2026-09-11T01:02:51.8068787Z 	at org.jetbrains.kotlin.daemon.CompileServiceImpl.compile(CompileServiceImpl.kt:1523)
2026-09-11T01:02:51.8070185Z 	at java.base/jdk.internal.reflect.NativeMethodAccessorImpl.invoke0(Native Method)
2026-09-11T01:02:51.8071768Z 	at java.base/jdk.internal.reflect.NativeMethodAccessorImpl.invoke(NativeMethodAccessorImpl.java:77)
2026-09-11T01:02:51.8073527Z 	at java.base/jdk.internal.reflect.DelegatingMethodAccessorImpl.invoke(DelegatingMethodAccessorImpl.java:43)
2026-09-11T01:02:51.8075021Z 	at java.base/java.lang.reflect.Method.invoke(Method.java:569)
2026-09-11T01:02:51.8076722Z 	at java.rmi/sun.rmi.server.UnicastServerRef.dispatch(UnicastServerRef.java:360)
2026-09-11T01:02:51.8077942Z 	at java.rmi/sun.rmi.transport.Transport$1.run(Transport.java:200)
2026-09-11T01:02:51.8079025Z 	at java.rmi/sun.rmi.transport.Transport$1.run(Transport.java:197)
2026-09-11T01:02:51.8080245Z 	at java.base/java.security.AccessController.doPrivileged(AccessController.java:712)
2026-09-11T01:02:51.8081604Z 	at java.rmi/sun.rmi.transport.Transport.serviceCall(Transport.java:196)
2026-09-11T01:02:51.8082951Z 	at java.rmi/sun.rmi.transport.tcp.TCPTransport.handleMessages(TCPTransport.java:600)
2026-09-11T01:02:51.8084376Z 	at java.rmi/sun.rmi.transport.tcp.TCPTransport$ConnectionHandler.run0(TCPTransport.java:845)
2026-09-11T01:02:51.8086164Z 	at java.rmi/sun.rmi.transport.tcp.TCPTransport$ConnectionHandler.lambda$run$0(TCPTransport.java:722)
2026-09-11T01:02:51.8088115Z 	at java.base/java.security.AccessController.doPrivileged(AccessController.java:399)
2026-09-11T01:02:51.8089598Z 	at java.rmi/sun.rmi.transport.tcp.TCPTransport$ConnectionHandler.run(TCPTransport.java:721)
2026-09-11T01:02:51.8091057Z 	at java.base/java.util.concurrent.ThreadPoolExecutor.runWorker(ThreadPoolExecutor.java:1136)
2026-09-11T01:02:51.8092547Z 	at java.base/java.util.concurrent.ThreadPoolExecutor$Worker.run(ThreadPoolExecutor.java:635)
2026-09-11T01:02:51.8093728Z 	at java.base/java.lang.Thread.run(Thread.java:840)
2026-09-11T01:02:51.8094327Z 
2026-09-11T01:02:51.8094718Z e: Error occurred in KSP, check log for detail
2026-09-11T01:02:52.2889488Z 
2026-09-11T01:02:52.2889512Z 
2026-09-11T01:02:52.2902362Z FAILURE: Build failed with an exception.
2026-09-11T01:02:52.2903256Z 
2026-09-11T01:02:52.2903578Z * What went wrong:
2026-09-11T01:02:52.2904270Z Execution failed for task ':app:kspReleaseKotlin'.
2026-09-11T01:02:52.2905816Z > A failure occurred while executing org.jetbrains.kotlin.compilerRunner.GradleCompilerRunnerWithWorkers$GradleKotlinCompilerWorkAction
2026-09-11T01:02:52.2907718Z    > Compilation error. See log for more details
2026-09-11T01:02:52.2908248Z 
2026-09-11T01:02:52.2908523Z * Try:
2026-09-11T01:02:52.2909135Z > Run with --stacktrace option to get the stack trace.
2026-09-11T01:02:52.2910000Z > Run with --info or --debug option to get more log output.
2026-09-11T01:02:52.2911178Z > Run with --scan to get full insights.
2026-09-11T01:02:52.2911928Z > Get more help at https://help.gradle.org.
2026-09-11T01:02:52.2912439Z 
2026-09-11T01:02:52.2912720Z BUILD FAILED in 22s
2026-09-11T01:02:52.2918279Z > Task :app:kspDebugKotlin
2026-09-11T01:02:52.2919499Z gradle/actions: Writing build results to /home/runner/work/_temp/.gradle-actions/build-results/__run-1789088552535.json
2026-09-11T01:02:52.2920742Z 34 actionable tasks: 34 executed
2026-09-11T01:02:52.7775064Z ##[error]Process completed with exit code 1.
2026-09-11T01:02:52.7926845Z Node 20 is being deprecated. This workflow is running with Node 24 by default. If you need to temporarily use Node 20, you can set the ACTIONS_ALLOW_USE_UNSECURE_NODE_VERSION=true environment variable. For more information see: https://github.blog/changelog/2025-09-19-deprecation-of-node-20-on-github-actions-runners/
2026-09-11T01:02:52.7928204Z Post job cleanup.
2026-09-11T01:02:53.0362319Z In post-action step
2026-09-11T01:02:53.0375837Z ##[group]Stopping Gradle daemons
2026-09-11T01:02:53.0377526Z Stopping Gradle daemons for /home/runner/work/_temp/.gradle-actions/gradle-installations/installs/gradle-8.7
2026-09-11T01:02:53.0393537Z [command]/home/runner/work/_temp/.gradle-actions/gradle-installations/installs/gradle-8.7/bin/gradle --stop
2026-09-11T01:02:53.9798248Z Stopping Daemon(s)
2026-09-11T01:02:53.9800206Z 1 Daemon stopped
2026-09-11T01:02:53.9933058Z ##[endgroup]
2026-09-11T01:02:53.9935099Z Not performing cache-cleanup due to build failure
2026-09-11T01:02:53.9936788Z ##[group]Caching Gradle state
2026-09-11T01:02:55.2512024Z [command]/usr/bin/tar --posix -cf cache.tzst --exclude cache.tzst -P -C /home/runner/work/ambar-finanzas/ambar-finanzas --files-from manifest.txt --use-compress-program zstdmt
2026-09-11T01:02:56.6033326Z Sent 3638238 of 3638238 (100.0%), 3.5 MBs/sec
2026-09-11T01:02:56.8775833Z Saved cache entry with key gradle-home-v1|Linux-X64|build[e080f0fdc288b6f0c5023fd4b86f7a10]-12f3162b22d0f4f8785933cb8f29abaef4ff5e9c from /home/runner/.gradle/caches,/home/runner/.gradle/notifications,/home/runner/.gradle/.setup-gradle in 1642ms
2026-09-11T01:02:56.8778176Z ##[endgroup]
2026-09-11T01:02:56.8781647Z Generating Job Summary
2026-09-11T01:02:56.8793691Z Completed post-action step
2026-09-11T01:02:56.9014919Z Node 20 is being deprecated. This workflow is running with Node 24 by default. If you need to temporarily use Node 20, you can set the ACTIONS_ALLOW_USE_UNSECURE_NODE_VERSION=true environment variable. For more information see: https://github.blog/changelog/2025-09-19-deprecation-of-node-20-on-github-actions-runners/
2026-09-11T01:02:56.9016423Z Post job cleanup.
2026-09-11T01:02:57.0368901Z (node:2659) [DEP0040] DeprecationWarning: The `punycode` module is deprecated. Please use a userland alternative instead.
2026-09-11T01:02:57.0370194Z (Use `node --trace-deprecation ...` to show where the warning was created)
2026-09-11T01:02:57.0603960Z Node 20 is being deprecated. This workflow is running with Node 24 by default. If you need to temporarily use Node 20, you can set the ACTIONS_ALLOW_USE_UNSECURE_NODE_VERSION=true environment variable. For more information see: https://github.blog/changelog/2025-09-19-deprecation-of-node-20-on-github-actions-runners/
2026-09-11T01:02:57.0606256Z Post job cleanup.
2026-09-11T01:02:57.1596847Z [command]/usr/bin/git version
2026-09-11T01:02:57.1642821Z git version 2.55.0
2026-09-11T01:02:57.1687172Z Temporarily overriding HOME='/home/runner/work/_temp/78fd8c1e-9ade-4b7e-afb1-ae7ba375b2c2' before making global git config changes
2026-09-11T01:02:57.1689253Z Adding repository directory to the temporary git global config as a safe directory
2026-09-11T01:02:57.1693158Z [command]/usr/bin/git config --global --add safe.directory /home/runner/work/ambar-finanzas/ambar-finanzas
2026-09-11T01:02:57.1732446Z [command]/usr/bin/git config --local --name-only --get-regexp core\.sshCommand
2026-09-11T01:02:57.1769084Z [command]/usr/bin/git submodule foreach --recursive sh -c "git config --local --name-only --get-regexp 'core\.sshCommand' && git config --local --unset-all 'core.sshCommand' || :"
2026-09-11T01:02:57.2021700Z [command]/usr/bin/git config --local --name-only --get-regexp http\.https\:\/\/github\.com\/\.extraheader
2026-09-11T01:02:57.2051842Z http.https://github.com/.extraheader
2026-09-11T01:02:57.2063305Z [command]/usr/bin/git config --local --unset-all http.https://github.com/.extraheader
2026-09-11T01:02:57.2097244Z [command]/usr/bin/git submodule foreach --recursive sh -c "git config --local --name-only --get-regexp 'http\.https\:\/\/github\.com\/\.extraheader' && git config --local --unset-all 'http.https://github.com/.extraheader' || :"
2026-09-11T01:02:57.2401719Z [command]/usr/bin/git config --local --name-only --get-regexp ^includeIf\.gitdir:
2026-09-11T01:02:57.2439943Z [command]/usr/bin/git submodule foreach --recursive git config --local --show-origin --name-only --get-regexp remote.origin.url
2026-09-11T01:02:57.2833134Z Cleaning up orphan processes
2026-09-11T01:02:57.3142811Z ##[warning]Node.js 20 is deprecated. The following actions target Node.js 20 but are being forced to run on Node.js 24: actions/checkout@v4, actions/setup-java@v4, gradle/actions/setup-gradle@v4. For more information see: https://github.blog/changelog/2025-09-19-deprecation-of-node-20-on-github-actions-runners/
