2026-09-11T00:40:20.1043466Z Current runner version: '2.337.0'
2026-09-11T00:40:20.1080229Z ##[group]Runner Image Provisioner
2026-09-11T00:40:20.1081701Z Hosted Compute Agent
2026-09-11T00:40:20.1083172Z Version: 20260828.587
2026-09-11T00:40:20.1084385Z Commit: abac92662cab4cc7352de4f9f9d2e2419aad9c29
2026-09-11T00:40:20.1086370Z Build Date: 2026-08-28T16:44:25Z
2026-09-11T00:40:20.1087664Z Worker ID: {44e14604-8aad-4cd9-9b3e-1bc4b6c8066a}
2026-09-11T00:40:20.1089131Z Azure Region: eastus
2026-09-11T00:40:20.1090142Z ##[endgroup]
2026-09-11T00:40:20.1092878Z ##[group]Operating System
2026-09-11T00:40:20.1093970Z Ubuntu
2026-09-11T00:40:20.1094834Z 24.04.5
2026-09-11T00:40:20.1095816Z LTS
2026-09-11T00:40:20.1096721Z ##[endgroup]
2026-09-11T00:40:20.1097849Z ##[group]Runner Image
2026-09-11T00:40:20.1098961Z Image: ubuntu-24.04
2026-09-11T00:40:20.1099990Z Version: 20260907.300.1
2026-09-11T00:40:20.1102497Z Included Software: https://github.com/actions/runner-images/blob/ubuntu24/20260907.300/images/ubuntu/Ubuntu2404-Readme.md
2026-09-11T00:40:20.1105537Z Image Release: https://github.com/actions/runner-images/releases/tag/ubuntu24%2F20260907.300
2026-09-11T00:40:20.1107337Z ##[endgroup]
2026-09-11T00:40:20.1109613Z ##[group]GITHUB_TOKEN Permissions
2026-09-11T00:40:20.1113052Z Contents: read
2026-09-11T00:40:20.1114191Z Metadata: read
2026-09-11T00:40:20.1115160Z Packages: read
2026-09-11T00:40:20.1116210Z ##[endgroup]
2026-09-11T00:40:20.1119727Z Secret source: Actions
2026-09-11T00:40:20.1121385Z Cache mode: write
2026-09-11T00:40:20.1123227Z Prepare workflow directory
2026-09-11T00:40:20.1628376Z Prepare all required actions
2026-09-11T00:40:20.1704590Z Getting action download info
2026-09-11T00:40:20.3453991Z Download action repository 'actions/checkout@v4' (SHA:11d5960a326750d5838078e36cf38b85af677262)
2026-09-11T00:40:20.4510538Z Download action repository 'actions/setup-java@v4' (SHA:cf277c60eb25467037889841efdb72551f06f6c3)
2026-09-11T00:40:20.6958920Z Download action repository 'gradle/actions@v4' (SHA:ed408507eac070d1f99cc633dbcf757c94c7933a)
2026-09-11T00:40:21.3339369Z Download action repository 'actions/upload-artifact@v4' (SHA:ea165f8d65b6e75b540449e92b4886f43607fa02)
2026-09-11T00:40:21.6032732Z Complete job name: build
2026-09-11T00:40:21.6990717Z Node 20 is being deprecated. This workflow is running with Node 24 by default. If you need to temporarily use Node 20, you can set the ACTIONS_ALLOW_USE_UNSECURE_NODE_VERSION=true environment variable. For more information see: https://github.blog/changelog/2025-09-19-deprecation-of-node-20-on-github-actions-runners/
2026-09-11T00:40:21.7002709Z ##[group]Run actions/checkout@v4
2026-09-11T00:40:21.7004089Z with:
2026-09-11T00:40:21.7005033Z   repository: Tercciopelo/ambar-finanzas
2026-09-11T00:40:21.7015015Z   token: ***
2026-09-11T00:40:21.7015924Z   ssh-strict: true
2026-09-11T00:40:21.7016848Z   ssh-user: git
2026-09-11T00:40:21.7017777Z   persist-credentials: true
2026-09-11T00:40:21.7018782Z   clean: true
2026-09-11T00:40:21.7019715Z   sparse-checkout-cone-mode: true
2026-09-11T00:40:21.7020853Z   fetch-depth: 1
2026-09-11T00:40:21.7021756Z   fetch-tags: false
2026-09-11T00:40:21.7022874Z   show-progress: true
2026-09-11T00:40:21.7023830Z   lfs: false
2026-09-11T00:40:21.7024752Z   submodules: false
2026-09-11T00:40:21.7025697Z   set-safe-directory: true
2026-09-11T00:40:21.7026772Z   allow-unsafe-pr-checkout: false
2026-09-11T00:40:21.7028190Z ##[endgroup]
2026-09-11T00:40:21.8099303Z Syncing repository: Tercciopelo/ambar-finanzas
2026-09-11T00:40:21.8103964Z ##[group]Getting Git version info
2026-09-11T00:40:21.8106492Z Working directory is '/home/runner/work/ambar-finanzas/ambar-finanzas'
2026-09-11T00:40:21.8110122Z [command]/usr/bin/git version
2026-09-11T00:40:21.8150189Z git version 2.55.0
2026-09-11T00:40:21.8176863Z ##[endgroup]
2026-09-11T00:40:21.8195365Z Temporarily overriding HOME='/home/runner/work/_temp/cc62e7a1-258b-4fc7-91c7-abce29ccce6d' before making global git config changes
2026-09-11T00:40:21.8200405Z Adding repository directory to the temporary git global config as a safe directory
2026-09-11T00:40:21.8205430Z [command]/usr/bin/git config --global --add safe.directory /home/runner/work/ambar-finanzas/ambar-finanzas
2026-09-11T00:40:21.8271309Z Deleting the contents of '/home/runner/work/ambar-finanzas/ambar-finanzas'
2026-09-11T00:40:21.8275630Z ##[group]Initializing the repository
2026-09-11T00:40:21.8279664Z [command]/usr/bin/git init /home/runner/work/ambar-finanzas/ambar-finanzas
2026-09-11T00:40:21.8420478Z hint: Using 'master' as the name for the initial branch. This default branch name
2026-09-11T00:40:21.8424495Z hint: will change to "main" in Git 3.0. To configure the initial branch name
2026-09-11T00:40:21.8427764Z hint: to use in all of your new repositories, which will suppress this warning,
2026-09-11T00:40:21.8430393Z hint: call:
2026-09-11T00:40:21.8431727Z hint:
2026-09-11T00:40:21.8434134Z hint: 	git config --global init.defaultBranch <name>
2026-09-11T00:40:21.8436280Z hint:
2026-09-11T00:40:21.8438235Z hint: Names commonly chosen instead of 'master' are 'main', 'trunk' and
2026-09-11T00:40:21.8440564Z hint: 'development'. The just-created branch can be renamed via this command:
2026-09-11T00:40:21.8443058Z hint:
2026-09-11T00:40:21.8444532Z hint: 	git branch -m <name>
2026-09-11T00:40:21.8446126Z hint:
2026-09-11T00:40:21.8448255Z hint: Disable this message with "git config set advice.defaultBranchName false"
2026-09-11T00:40:21.8453220Z Initialized empty Git repository in /home/runner/work/ambar-finanzas/ambar-finanzas/.git/
2026-09-11T00:40:21.8459572Z [command]/usr/bin/git remote add origin https://github.com/Tercciopelo/ambar-finanzas
2026-09-11T00:40:21.8584446Z ##[endgroup]
2026-09-11T00:40:21.8587711Z ##[group]Disabling automatic garbage collection
2026-09-11T00:40:21.8591053Z [command]/usr/bin/git config --local gc.auto 0
2026-09-11T00:40:21.8597879Z ##[endgroup]
2026-09-11T00:40:21.8600638Z ##[group]Setting up auth
2026-09-11T00:40:21.8604303Z [command]/usr/bin/git config --local --name-only --get-regexp core\.sshCommand
2026-09-11T00:40:21.9011083Z [command]/usr/bin/git submodule foreach --recursive sh -c "git config --local --name-only --get-regexp 'core\.sshCommand' && git config --local --unset-all 'core.sshCommand' || :"
2026-09-11T00:40:21.9023199Z [command]/usr/bin/git config --local --name-only --get-regexp http\.https\:\/\/github\.com\/\.extraheader
2026-09-11T00:40:21.9067256Z [command]/usr/bin/git submodule foreach --recursive sh -c "git config --local --name-only --get-regexp 'http\.https\:\/\/github\.com\/\.extraheader' && git config --local --unset-all 'http.https://github.com/.extraheader' || :"
2026-09-11T00:40:21.9305150Z [command]/usr/bin/git config --local --name-only --get-regexp ^includeIf\.gitdir:
2026-09-11T00:40:21.9346356Z [command]/usr/bin/git submodule foreach --recursive git config --local --show-origin --name-only --get-regexp remote.origin.url
2026-09-11T00:40:21.9581848Z [command]/usr/bin/git config --local http.https://github.com/.extraheader AUTHORIZATION: basic ***
2026-09-11T00:40:21.9624959Z ##[endgroup]
2026-09-11T00:40:21.9635196Z ##[group]Fetching the repository
2026-09-11T00:40:21.9638069Z [command]/usr/bin/git -c protocol.version=2 fetch --no-tags --prune --no-recurse-submodules --depth=1 origin +02b6a72e0fce2b971814840712a755c081678a19:refs/remotes/origin/main
2026-09-11T00:40:22.3147066Z From https://github.com/Tercciopelo/ambar-finanzas
2026-09-11T00:40:22.3149167Z  * [new ref]         02b6a72e0fce2b971814840712a755c081678a19 -> origin/main
2026-09-11T00:40:22.3154408Z ##[endgroup]
2026-09-11T00:40:22.3156090Z ##[group]Determining the checkout info
2026-09-11T00:40:22.3157928Z ##[endgroup]
2026-09-11T00:40:22.3161294Z [command]/usr/bin/git sparse-checkout disable
2026-09-11T00:40:22.3215836Z [command]/usr/bin/git config --local --unset-all extensions.worktreeConfig
2026-09-11T00:40:22.3254849Z ##[group]Checking out the ref
2026-09-11T00:40:22.3256616Z [command]/usr/bin/git checkout --progress --force -B main refs/remotes/origin/main
2026-09-11T00:40:22.3374354Z Switched to a new branch 'main'
2026-09-11T00:40:22.3380326Z branch 'main' set up to track 'origin/main'.
2026-09-11T00:40:22.3388905Z ##[endgroup]
2026-09-11T00:40:22.3435672Z [command]/usr/bin/git log -1 --format=%H
2026-09-11T00:40:22.3464761Z 02b6a72e0fce2b971814840712a755c081678a19
2026-09-11T00:40:22.3876999Z Node 20 is being deprecated. This workflow is running with Node 24 by default. If you need to temporarily use Node 20, you can set the ACTIONS_ALLOW_USE_UNSECURE_NODE_VERSION=true environment variable. For more information see: https://github.blog/changelog/2025-09-19-deprecation-of-node-20-on-github-actions-runners/
2026-09-11T00:40:22.3882632Z ##[group]Run actions/setup-java@v4
2026-09-11T00:40:22.3884154Z with:
2026-09-11T00:40:22.3885025Z   distribution: zulu
2026-09-11T00:40:22.3885975Z   java-version: 17
2026-09-11T00:40:22.3886897Z   java-package: jdk
2026-09-11T00:40:22.3887829Z   check-latest: false
2026-09-11T00:40:22.3888778Z   server-id: github
2026-09-11T00:40:22.3889724Z   server-username: GITHUB_ACTOR
2026-09-11T00:40:22.3890850Z   server-password: GITHUB_TOKEN
2026-09-11T00:40:22.3891939Z   overwrite-settings: true
2026-09-11T00:40:22.3893120Z   job-status: success
2026-09-11T00:40:22.3902384Z   token: ***
2026-09-11T00:40:22.3903275Z ##[endgroup]
2026-09-11T00:40:22.5693207Z ##[warning]setup-java v4 is deprecated and will no longer receive updates. Please migrate to actions/setup-java@v5.
2026-09-11T00:40:22.5705462Z ##[group]Installed distributions
2026-09-11T00:40:22.5718191Z Trying to resolve the latest version from remote
2026-09-11T00:40:22.5835534Z (node:2319) [DEP0040] DeprecationWarning: The `punycode` module is deprecated. Please use a userland alternative instead.
2026-09-11T00:40:22.5838247Z (Use `node --trace-deprecation ...` to show where the warning was created)
2026-09-11T00:40:22.7052598Z Resolved latest version as 17.0.20+8
2026-09-11T00:40:22.7054397Z Trying to download...
2026-09-11T00:40:22.7064258Z Downloading Java 17.0.20+8 (Zulu) from https://cdn.azul.com/zulu/bin/zulu17.68.19-ca-crac-jdk17.0.20-linux_x64.tar.gz ...
2026-09-11T00:40:25.9392648Z Extracting Java archive...
2026-09-11T00:40:25.9540681Z [command]/usr/bin/tar xz --warning=no-unknown-keyword --overwrite -C /home/runner/work/_temp/aa95026b-5657-43b5-ba78-7f20c44f1c57 -f /home/runner/work/_temp/86771a70-1262-45e1-959d-d1dd4f9fa04d
2026-09-11T00:40:28.6168557Z Java 17.0.20+8 was downloaded
2026-09-11T00:40:28.6169280Z Setting Java 17.0.20+8 as the default
2026-09-11T00:40:28.6179330Z Creating toolchains.xml for JDK version 17 from zulu
2026-09-11T00:40:28.6256149Z Writing to /home/runner/.m2/toolchains.xml
2026-09-11T00:40:28.6257442Z 
2026-09-11T00:40:28.6257797Z Java configuration:
2026-09-11T00:40:28.6259635Z   Distribution: zulu
2026-09-11T00:40:28.6260145Z   Version: 17.0.20+8
2026-09-11T00:40:28.6260747Z   Path: /opt/hostedtoolcache/Java_Zulu_jdk/17.0.20-8/x64
2026-09-11T00:40:28.6261291Z 
2026-09-11T00:40:28.6262722Z ##[endgroup]
2026-09-11T00:40:28.6282926Z Creating settings.xml with server-id: github
2026-09-11T00:40:28.6286853Z Writing to /home/runner/.m2/settings.xml
2026-09-11T00:40:28.6636487Z Node 20 is being deprecated. This workflow is running with Node 24 by default. If you need to temporarily use Node 20, you can set the ACTIONS_ALLOW_USE_UNSECURE_NODE_VERSION=true environment variable. For more information see: https://github.blog/changelog/2025-09-19-deprecation-of-node-20-on-github-actions-runners/
2026-09-11T00:40:28.6637905Z ##[group]Run gradle/actions/setup-gradle@v4
2026-09-11T00:40:28.6638244Z with:
2026-09-11T00:40:28.6638489Z   gradle-version: 8.7
2026-09-11T00:40:28.6638772Z   cache-disabled: false
2026-09-11T00:40:28.6639053Z   cache-read-only: false
2026-09-11T00:40:28.6639328Z   cache-write-only: false
2026-09-11T00:40:28.6639618Z   cache-overwrite-existing: false
2026-09-11T00:40:28.6639928Z   cache-cleanup: on-success
2026-09-11T00:40:28.6640266Z   gradle-home-cache-includes: caches
notifications

2026-09-11T00:40:28.6640634Z   add-job-summary: always
2026-09-11T00:40:28.6640928Z   add-job-summary-as-pr-comment: never
2026-09-11T00:40:28.6641514Z   dependency-graph: disabled
2026-09-11T00:40:28.6641893Z   dependency-graph-report-dir: dependency-graph-reports
2026-09-11T00:40:28.6642531Z   dependency-graph-continue-on-failure: true
2026-09-11T00:40:28.6642907Z   build-scan-publish: false
2026-09-11T00:40:28.6643199Z   validate-wrappers: true
2026-09-11T00:40:28.6643520Z   allow-snapshot-wrappers: false
2026-09-11T00:40:28.6643841Z   gradle-home-cache-strict-match: false
2026-09-11T00:40:28.6644170Z   workflow-job-context: null
2026-09-11T00:40:28.6646907Z   github-token: ***
2026-09-11T00:40:28.6647173Z env:
2026-09-11T00:40:28.6647488Z   JAVA_HOME: /opt/hostedtoolcache/Java_Zulu_jdk/17.0.20-8/x64
2026-09-11T00:40:28.6647951Z   JAVA_HOME_17_X64: /opt/hostedtoolcache/Java_Zulu_jdk/17.0.20-8/x64
2026-09-11T00:40:28.6648337Z ##[endgroup]
2026-09-11T00:40:29.0336036Z Merged default JDK locations into /home/runner/.m2/toolchains.xml
2026-09-11T00:40:29.0337667Z Preparing cache for cleanup.
2026-09-11T00:40:29.0343685Z ##[group]Restore Gradle state from cache
2026-09-11T00:40:29.1033756Z Cache hit for restore-key: gradle-home-v1|Linux-X64|build[e080f0fdc288b6f0c5023fd4b86f7a10]-07694a80f1aa6a425ce84c063cb7c4268b547f7b
2026-09-11T00:40:29.1762029Z Received 15096 of 15096 (100.0%), 0.5 MBs/sec
2026-09-11T00:40:29.1763635Z Cache Size: ~0 MB (15096 B)
2026-09-11T00:40:29.1802768Z [command]/usr/bin/tar -xf /home/runner/work/_temp/8a9bc1aa-c054-4f7b-ba56-8712a38abf72/cache.tzst -P -C /home/runner/work/ambar-finanzas/ambar-finanzas --use-compress-program unzstd
2026-09-11T00:40:29.1924645Z Cache restored successfully
2026-09-11T00:40:29.1929504Z Restored cache entry with key gradle-home-v1|Linux-X64|build[e080f0fdc288b6f0c5023fd4b86f7a10]-02b6a72e0fce2b971814840712a755c081678a19 to /home/runner/.gradle/caches,/home/runner/.gradle/notifications,/home/runner/.gradle/.setup-gradle in 157ms
2026-09-11T00:40:29.2490115Z Cache hit for: gradle-kotlin-dsl-v1-4a1019f130b3ee0c8094885929438e3a
2026-09-11T00:40:29.2526470Z Cache hit for: gradle-instrumented-jars-v1-9ab3e70fc4ac894d3cc73d3baf99c2f6
2026-09-11T00:40:29.2595916Z Cache hit for: gradle-generated-gradle-jars-v1-d6d47bedd9337a0be6f3a426277e63ee
2026-09-11T00:40:29.2601274Z Cache hit for: gradle-groovy-dsl-v1-58ebaa734a5923258872b5fd4a44aa07
2026-09-11T00:40:29.3688682Z Received 5481 of 5481 (100.0%), 0.1 MBs/sec
2026-09-11T00:40:29.3689357Z Cache Size: ~0 MB (5481 B)
2026-09-11T00:40:29.3711659Z [command]/usr/bin/tar -xf /home/runner/work/_temp/62848fdd-ea3d-4e24-87ae-6c121c4506ff/cache.tzst -P -C /home/runner/work/ambar-finanzas/ambar-finanzas --use-compress-program unzstd
2026-09-11T00:40:29.3774687Z Cache restored successfully
2026-09-11T00:40:29.3776977Z Restored cache entry with key gradle-kotlin-dsl-v1-4a1019f130b3ee0c8094885929438e3a to /home/runner/.gradle/caches/*/kotlin-dsl/accessors/*/,/home/runner/.gradle/caches/*/kotlin-dsl/scripts/*/ in 183ms
2026-09-11T00:40:29.3859197Z Received 90851 of 90851 (100.0%), 1.2 MBs/sec
2026-09-11T00:40:29.3860674Z Cache Size: ~0 MB (90851 B)
2026-09-11T00:40:29.4075810Z Received 147922 of 147922 (100.0%), 1.8 MBs/sec
2026-09-11T00:40:29.4076334Z Cache Size: ~0 MB (147922 B)
2026-09-11T00:40:29.4575748Z [command]/usr/bin/tar -xf /home/runner/work/_temp/d33cfde9-5af7-4f96-983e-d750cc2d545c/cache.tzst -P -C /home/runner/work/ambar-finanzas/ambar-finanzas --use-compress-program unzstd
2026-09-11T00:40:29.4911627Z Cache restored successfully
2026-09-11T00:40:29.4925080Z Restored cache entry with key gradle-instrumented-jars-v1-9ab3e70fc4ac894d3cc73d3baf99c2f6 to /home/runner/.gradle/caches/jars-*/*/ in 299ms
2026-09-11T00:40:29.5063016Z [command]/usr/bin/tar -xf /home/runner/work/_temp/fa118e7b-109c-428c-b387-c334a4b941f2/cache.tzst -P -C /home/runner/work/ambar-finanzas/ambar-finanzas --use-compress-program unzstd
2026-09-11T00:40:29.5528698Z Cache restored successfully
2026-09-11T00:40:29.5544419Z Restored cache entry with key gradle-groovy-dsl-v1-58ebaa734a5923258872b5fd4a44aa07 to /home/runner/.gradle/caches/*/groovy-dsl/*/ in 360ms
2026-09-11T00:40:29.5896200Z Received 37946144 of 37946144 (100.0%), 119.0 MBs/sec
2026-09-11T00:40:29.5896843Z Cache Size: ~36 MB (37946144 B)
2026-09-11T00:40:29.5919287Z [command]/usr/bin/tar -xf /home/runner/work/_temp/70f0968b-1f5e-4874-8541-c59266235adf/cache.tzst -P -C /home/runner/work/ambar-finanzas/ambar-finanzas --use-compress-program unzstd
2026-09-11T00:40:29.8455805Z Cache restored successfully
2026-09-11T00:40:29.8475109Z Restored cache entry with key gradle-generated-gradle-jars-v1-d6d47bedd9337a0be6f3a426277e63ee to /home/runner/.gradle/caches/8.7/generated-gradle-jars/gradle-api-8.7.jar in 654ms
2026-09-11T00:40:29.8550029Z ##[endgroup]
2026-09-11T00:40:29.8640524Z ##[group]All Gradle Wrapper jars are valid
2026-09-11T00:40:29.8641050Z 
2026-09-11T00:40:29.8641324Z ##[endgroup]
2026-09-11T00:40:29.9248805Z ##[group]Provision Gradle 8.7
2026-09-11T00:40:36.3103160Z Cache hit for: gradle-8.7
2026-09-11T00:40:36.9376855Z Received 133909426 of 133909426 (100.0%), 212.8 MBs/sec
2026-09-11T00:40:36.9379834Z Cache Size: ~128 MB (133909426 B)
2026-09-11T00:40:36.9451189Z [command]/usr/bin/tar -xf /home/runner/work/_temp/7097f011-e010-427f-b35c-b5976b45f2e6/cache.tzst -P -C /home/runner/work/ambar-finanzas/ambar-finanzas --use-compress-program unzstd
2026-09-11T00:40:37.1081974Z Cache restored successfully
2026-09-11T00:40:37.1143900Z Restored Gradle distribution gradle-8.7 from cache to /home/runner/work/_temp/.gradle-actions/gradle-installations/downloads/gradle-8.7-bin.zip
2026-09-11T00:40:37.1165331Z [command]/usr/bin/unzip -o -q /home/runner/work/_temp/.gradle-actions/gradle-installations/downloads/gradle-8.7-bin.zip
2026-09-11T00:40:38.0709442Z Extracted Gradle 8.7 to /home/runner/work/_temp/.gradle-actions/gradle-installations/installs/gradle-8.7
2026-09-11T00:40:38.0711587Z Provisioned Gradle executable /home/runner/work/_temp/.gradle-actions/gradle-installations/installs/gradle-8.7/bin/gradle
2026-09-11T00:40:38.0713571Z ##[endgroup]
2026-09-11T00:40:38.0916046Z ##[group]Run gradle test
2026-09-11T00:40:38.0916454Z [36;1mgradle test[0m
2026-09-11T00:40:38.0958344Z shell: /usr/bin/bash -e {0}
2026-09-11T00:40:38.0958680Z env:
2026-09-11T00:40:38.0959032Z   JAVA_HOME: /opt/hostedtoolcache/Java_Zulu_jdk/17.0.20-8/x64
2026-09-11T00:40:38.0959557Z   JAVA_HOME_17_X64: /opt/hostedtoolcache/Java_Zulu_jdk/17.0.20-8/x64
2026-09-11T00:40:38.0960025Z   GRADLE_ACTION_ID: gradle/actions/setup-gradle
2026-09-11T00:40:38.0960406Z   GRADLE_USER_HOME: /home/runner/.gradle
2026-09-11T00:40:38.0960770Z   GRADLE_BUILD_ACTION_SETUP_COMPLETED: true
2026-09-11T00:40:38.0961136Z   GRADLE_BUILD_ACTION_CACHE_RESTORED: true
2026-09-11T00:40:38.0961671Z   DEVELOCITY_INJECTION_INIT_SCRIPT_NAME: gradle-actions.inject-develocity.init.gradle
2026-09-11T00:40:38.0962656Z   DEVELOCITY_INJECTION_CUSTOM_VALUE: gradle-actions
2026-09-11T00:40:38.0963076Z   GITHUB_DEPENDENCY_GRAPH_ENABLED: false
2026-09-11T00:40:38.0963418Z ##[endgroup]
2026-09-11T00:40:38.7282950Z Starting a Gradle Daemon (subsequent builds will be faster)
2026-09-11T00:41:25.3325844Z > Task :app:checkKotlinGradlePluginConfigurationErrors
2026-09-11T00:41:25.3327524Z > Task :app:preBuild UP-TO-DATE
2026-09-11T00:41:25.3338888Z > Task :app:preDebugBuild UP-TO-DATE
2026-09-11T00:41:37.8293763Z > Task :app:generateDebugResValues
2026-09-11T00:41:37.9275909Z > Task :app:checkDebugAarMetadata
2026-09-11T00:41:37.9292781Z > Task :app:mapDebugSourceSetPaths
2026-09-11T00:41:37.9293734Z > Task :app:generateDebugResources
2026-09-11T00:41:39.2283685Z > Task :app:packageDebugResources
2026-09-11T00:41:40.2268353Z > Task :app:mergeDebugResources
2026-09-11T00:41:42.4344137Z > Task :app:createDebugCompatibleScreenManifests
2026-09-11T00:41:42.4367193Z > Task :app:extractDeepLinksDebug
2026-09-11T00:41:42.6269177Z > Task :app:parseDebugLocalResources
2026-09-11T00:41:42.9283022Z > Task :app:processDebugMainManifest
2026-09-11T00:41:43.0268286Z > Task :app:processDebugManifest
2026-09-11T00:41:44.8268796Z > Task :app:preDebugUnitTestBuild UP-TO-DATE
2026-09-11T00:41:44.8269668Z > Task :app:javaPreCompileDebugUnitTest
2026-09-11T00:41:44.8273267Z > Task :app:processDebugManifestForPackage
2026-09-11T00:41:44.8283023Z > Task :app:javaPreCompileDebug
2026-09-11T00:41:46.0283733Z > Task :app:buildKotlinToolingMetadata
2026-09-11T00:41:46.0313388Z > Task :app:preReleaseBuild UP-TO-DATE
2026-09-11T00:41:46.2286503Z > Task :app:generateReleaseResValues
2026-09-11T00:41:46.2306868Z > Task :app:checkReleaseAarMetadata
2026-09-11T00:41:46.2332904Z > Task :app:mapReleaseSourceSetPaths
2026-09-11T00:41:46.2367326Z > Task :app:generateReleaseResources
2026-09-11T00:41:46.4268987Z > Task :app:processDebugResources FAILED
2026-09-11T00:41:47.2276252Z > Task :app:mergeReleaseResources
2026-09-11T00:41:47.3278228Z gradle/actions: Writing build results to /home/runner/work/_temp/.gradle-actions/build-results/__run-1789087241604.json
2026-09-11T00:41:47.3302966Z 
2026-09-11T00:41:47.3303348Z 22 actionable tasks: 22 executed
2026-09-11T00:41:47.3323109Z FAILURE: Build failed with an exception.
2026-09-11T00:41:47.3352509Z 
2026-09-11T00:41:47.3383013Z * What went wrong:
2026-09-11T00:41:47.3413065Z Execution failed for task ':app:processDebugResources'.
2026-09-11T00:41:47.3483913Z > A failure occurred while executing com.android.build.gradle.internal.res.LinkApplicationAndroidResourcesTask$TaskAction
2026-09-11T00:41:47.3485175Z    > Android resource linking failed
2026-09-11T00:41:47.3526112Z      ERROR: /home/runner/work/ambar-finanzas/ambar-finanzas/app/src/main/AndroidManifest.xml:7:5-26:19: AAPT: error: resource mipmap/ic_launcher (aka com.ambar.finanzas:mipmap/ic_launcher) not found.
2026-09-11T00:41:47.3527944Z          
2026-09-11T00:41:47.3529629Z      ERROR: /home/runner/work/ambar-finanzas/ambar-finanzas/app/src/main/AndroidManifest.xml:7:5-26:19: AAPT: error: resource mipmap/ic_launcher_round (aka com.ambar.finanzas:mipmap/ic_launcher_round) not found.
2026-09-11T00:41:47.3531291Z          
2026-09-11T00:41:47.3531637Z 
2026-09-11T00:41:47.3533025Z * Try:
2026-09-11T00:41:47.3533747Z > Run with --stacktrace option to get the stack trace.
2026-09-11T00:41:47.3534963Z > Run with --info or --debug option to get more log output.
2026-09-11T00:41:47.3535768Z > Run with --scan to get full insights.
2026-09-11T00:41:47.3536538Z > Get more help at https://help.gradle.org.
2026-09-11T00:41:47.3537092Z 
2026-09-11T00:41:47.3537426Z BUILD FAILED in 1m 9s
2026-09-11T00:41:47.8183075Z ##[error]Process completed with exit code 1.
2026-09-11T00:41:47.8501195Z Node 20 is being deprecated. This workflow is running with Node 24 by default. If you need to temporarily use Node 20, you can set the ACTIONS_ALLOW_USE_UNSECURE_NODE_VERSION=true environment variable. For more information see: https://github.blog/changelog/2025-09-19-deprecation-of-node-20-on-github-actions-runners/
2026-09-11T00:41:47.8503842Z Post job cleanup.
2026-09-11T00:41:48.1779325Z In post-action step
2026-09-11T00:41:48.1794165Z ##[group]Stopping Gradle daemons
2026-09-11T00:41:48.1795201Z Stopping Gradle daemons for /home/runner/work/_temp/.gradle-actions/gradle-installations/installs/gradle-8.7
2026-09-11T00:41:48.1812281Z [command]/home/runner/work/_temp/.gradle-actions/gradle-installations/installs/gradle-8.7/bin/gradle --stop
2026-09-11T00:41:49.1569861Z Stopping Daemon(s)
2026-09-11T00:41:49.1884361Z 1 Daemon stopped
2026-09-11T00:41:49.2022646Z ##[endgroup]
2026-09-11T00:41:49.2024950Z Not performing cache-cleanup due to build failure
2026-09-11T00:41:49.2026262Z ##[group]Caching Gradle state
2026-09-11T00:41:49.6680744Z [command]/usr/bin/tar --posix -cf cache.tzst --exclude cache.tzst -P -C /home/runner/work/ambar-finanzas/ambar-finanzas --files-from manifest.txt --use-compress-program zstdmt
2026-09-11T00:41:49.8740499Z Sent 116365 of 116365 (100.0%), 1.3 MBs/sec
2026-09-11T00:41:49.9606156Z Saved cache entry with key gradle-kotlin-dsl-v1-5591436bb4f8a370f309e4491e00b30f from /home/runner/.gradle/caches/*/kotlin-dsl/accessors/*/,/home/runner/.gradle/caches/*/kotlin-dsl/scripts/*/ in 338ms
2026-09-11T00:41:50.1533397Z [command]/usr/bin/tar --posix -cf cache.tzst --exclude cache.tzst -P -C /home/runner/work/ambar-finanzas/ambar-finanzas --files-from manifest.txt --use-compress-program zstdmt
2026-09-11T00:41:50.2034224Z [command]/usr/bin/tar --posix -cf cache.tzst --exclude cache.tzst -P -C /home/runner/work/ambar-finanzas/ambar-finanzas --files-from manifest.txt --use-compress-program zstdmt
2026-09-11T00:41:52.3104632Z Sent 0 of 263263607 (0.0%), 0.0 MBs/sec
2026-09-11T00:41:53.0423279Z Sent 263263607 of 263263607 (100.0%), 144.9 MBs/sec
2026-09-11T00:41:53.1521148Z Saved cache entry with key gradle-dependencies-v1-408d696944a725ee66110d97c740ad53 from /home/runner/.gradle/caches/modules-*/files-*/*/*/*/* in 3563ms
2026-09-11T00:41:53.2576016Z Sent 31487605 of 165705333 (19.0%), 29.0 MBs/sec
2026-09-11T00:41:53.6436545Z Sent 165705333 of 165705333 (100.0%), 111.1 MBs/sec
2026-09-11T00:41:53.7498115Z Saved cache entry with key gradle-transforms-v1-0bb35920b3c2a084dd6bf8593f4da8eb from /home/runner/.gradle/caches/transforms-4/*/,/home/runner/.gradle/caches/*/transforms/*/ in 3831ms
2026-09-11T00:41:54.0303225Z [command]/usr/bin/tar --posix -cf cache.tzst --exclude cache.tzst -P -C /home/runner/work/ambar-finanzas/ambar-finanzas --files-from manifest.txt --use-compress-program zstdmt
2026-09-11T00:41:54.2667491Z Sent 483672 of 483672 (100.0%), 4.1 MBs/sec
2026-09-11T00:41:54.3465588Z Saved cache entry with key gradle-home-v1|Linux-X64|build[e080f0fdc288b6f0c5023fd4b86f7a10]-02b6a72e0fce2b971814840712a755c081678a19 from /home/runner/.gradle/caches,/home/runner/.gradle/notifications,/home/runner/.gradle/.setup-gradle in 332ms
2026-09-11T00:41:54.3467461Z ##[endgroup]
2026-09-11T00:41:54.3475272Z Generating Job Summary
2026-09-11T00:41:54.3490715Z Completed post-action step
2026-09-11T00:41:54.3715886Z Node 20 is being deprecated. This workflow is running with Node 24 by default. If you need to temporarily use Node 20, you can set the ACTIONS_ALLOW_USE_UNSECURE_NODE_VERSION=true environment variable. For more information see: https://github.blog/changelog/2025-09-19-deprecation-of-node-20-on-github-actions-runners/
2026-09-11T00:41:54.3717218Z Post job cleanup.
2026-09-11T00:41:54.5170308Z (node:2729) [DEP0040] DeprecationWarning: The `punycode` module is deprecated. Please use a userland alternative instead.
2026-09-11T00:41:54.5171369Z (Use `node --trace-deprecation ...` to show where the warning was created)
2026-09-11T00:41:54.5423430Z Node 20 is being deprecated. This workflow is running with Node 24 by default. If you need to temporarily use Node 20, you can set the ACTIONS_ALLOW_USE_UNSECURE_NODE_VERSION=true environment variable. For more information see: https://github.blog/changelog/2025-09-19-deprecation-of-node-20-on-github-actions-runners/
2026-09-11T00:41:54.5424793Z Post job cleanup.
2026-09-11T00:41:54.6460258Z [command]/usr/bin/git version
2026-09-11T00:41:54.6516123Z git version 2.55.0
2026-09-11T00:41:54.6564984Z Temporarily overriding HOME='/home/runner/work/_temp/7a9555de-cc6b-45f9-a6a6-bb79c3fb46b9' before making global git config changes
2026-09-11T00:41:54.6566548Z Adding repository directory to the temporary git global config as a safe directory
2026-09-11T00:41:54.6571860Z [command]/usr/bin/git config --global --add safe.directory /home/runner/work/ambar-finanzas/ambar-finanzas
2026-09-11T00:41:54.6620416Z [command]/usr/bin/git config --local --name-only --get-regexp core\.sshCommand
2026-09-11T00:41:54.6676077Z [command]/usr/bin/git submodule foreach --recursive sh -c "git config --local --name-only --get-regexp 'core\.sshCommand' && git config --local --unset-all 'core.sshCommand' || :"
2026-09-11T00:41:54.6952767Z [command]/usr/bin/git config --local --name-only --get-regexp http\.https\:\/\/github\.com\/\.extraheader
2026-09-11T00:41:54.6985913Z http.https://github.com/.extraheader
2026-09-11T00:41:54.7002653Z [command]/usr/bin/git config --local --unset-all http.https://github.com/.extraheader
2026-09-11T00:41:54.7050306Z [command]/usr/bin/git submodule foreach --recursive sh -c "git config --local --name-only --get-regexp 'http\.https\:\/\/github\.com\/\.extraheader' && git config --local --unset-all 'http.https://github.com/.extraheader' || :"
2026-09-11T00:41:54.7351865Z [command]/usr/bin/git config --local --name-only --get-regexp ^includeIf\.gitdir:
2026-09-11T00:41:54.7401872Z [command]/usr/bin/git submodule foreach --recursive git config --local --show-origin --name-only --get-regexp remote.origin.url
2026-09-11T00:41:54.7847562Z Cleaning up orphan processes
2026-09-11T00:41:54.8147864Z ##[warning]Node.js 20 is deprecated. The following actions target Node.js 20 but are being forced to run on Node.js 24: actions/checkout@v4, actions/setup-java@v4, gradle/actions/setup-gradle@v4. For more information see: https://github.blog/changelog/2025-09-19-deprecation-of-node-20-on-github-actions-runners/
